C51 COMPILER V9.60.7.0   MAIN                                                              11/27/2024 20:09:34 PAGE 1   


C51 COMPILER V9.60.7.0, COMPILATION OF MODULE MAIN
OBJECT MODULE PLACED IN .\Objects\main.obj
COMPILER INVOKED BY: C:\Keil_v5\C51\BIN\C51.EXE main.c OPTIMIZE(8,SPEED) BROWSE DEBUG OBJECTEXTEND PRINT(.\Listings\main
                    -.lst) OBJECT(.\Objects\main.obj)

line level    source

   1          #include <reg51.h>
   2          #include <stdio.h>
   3          //#include <display.h>
   4          //#include <control.h>
   5          
   6          sbit time_pulse = P0^6;
   7          sbit RA0 = P0^0;
   8          sbit RA1 = P0^1;
   9          sbit RA2 = P0^2;
  10          unsigned char digits[] = {// Array to store segment patterns for numbers 0-9
  11                  0xC0, // HEX for 0
  12              0xF9, // HEX for 1
  13              0xA4, // HEX for 2
  14              0xB0, // HEX for 3
  15              0x99, // HEX for 4
  16              0x92, // HEX for 5
  17              0x82, // HEX for 6
  18              0xF8, // HEX for 7
  19              0x80, // HEX for 8
  20              0x90, // HEX for 9
  21                  0xFF  // HEX for [Blank]
  22          };
  23          
  24          void timer0_delay_100us() {
  25   1          TMOD = 0x01;  // Timer 0, Mode 1 (16-bit timer)
  26   1          TH0 = 0xFF;   // Load high byte of the preload value
  27   1          TL0 = 0xAC;   // Load low byte of the preload value
  28   1          TR0 = 1;      // Start Timer 0
  29   1          while (TF0 == 0);  // Wait for the timer to overflow
  30   1          TR0 = 0;      // Stop Timer 0
  31   1          TF0 = 0;      // Clear the Timer 0 overflow flag
  32   1      }
  33          
  34          
  35          int On_time_duty_cycle(){
  36   1              if (RA0 == 1){
  37   2                      if (RA1 == 1){
  38   3                              if (RA2 == 1){
  39   4                                      return 10;// 111B        
  40   4                              } else {
  41   4                                      return 9;// 110B
  42   4                              }
  43   3                      } else {
  44   3                              if (RA2 == 1){
  45   4                                      return 8;// 101B
  46   4                              } else {
  47   4                                      return 6;// 100B
  48   4                              }
  49   3                      }
  50   2              } else {
  51   2                      if (RA1 == 1){
  52   3                              if (RA2 == 1){
  53   4                                      return 4;// 011B
  54   4                              } else {
C51 COMPILER V9.60.7.0   MAIN                                                              11/27/2024 20:09:34 PAGE 2   

  55   4                                      return 2;// 010B
  56   4                              }
  57   3                      } else {
  58   3                              if (RA2 == 1){
  59   4                                      return 1;// 001B
  60   4                              } else {
  61   4                                      return 0;// 000B
  62   4                              }
  63   3                      }
  64   2              }
  65   1              
  66   1              return 10;
  67   1      }
  68          
  69          void delay_flicker() {
  70   1          TMOD = 0x01;    // Timer 0 in Mode 1 (16_bit timer)
  71   1          TH0 = 0xF6;     // Load high byte of the preload value (0xF6E4)
  72   1          TL0 = 0xF4;     // Load low byte of the preload value
  73   1          TR0 = 1;        // Start Timer 0
  74   1          while (TF0 == 0); // Wait for Timer 0 overflow
  75   1          TR0 = 0;        // Stop Timer 0
  76   1          TF0 = 0;        // Clear overflow flag
  77   1      }
  78          
  79          
  80          // Function to display a number on a 7-segment display
  81          void display_num(unsigned int num) {
  82   1          unsigned char sequence = 0x01;  // Start with hundreds display selector
  83   1          unsigned char holder = 0;       // To store individual digits
  84   1          unsigned char leading_zero = 1; // Flag for leading zeros
  85   1          unsigned int i = 0;             // Initialize the iteration
  86   1      
  87   1          for (i = 0; i < 4; i++) {
  88   2              holder = num % 10; // Extract the least significant digit
  89   2      
  90   2              if (holder == 0 && num < 10) {
  91   3                              P1 = digits[10]; // Display blank for remaining digits
  92   3                      } else {
  93   3                  P1 = digits[holder];
  94   3              }
  95   2      
  96   2              P2 = sequence;       // Activate the current display
  97   2              delay_flicker();     // Delay for digit display
  98   2              num /= 10;           // Move to the next digit
  99   2              sequence <<= 1;      // Shift selector to the next display
 100   2          }
 101   1      }
 102          
 103          void main(void) {
 104   1              unsigned int i = 0;
 105   1              unsigned int RPM = 0;
 106   1              int on_time = 0;
 107   1              int off_time = 0;
 108   1              int on_dutycycle = 0;
 109   1              
 110   1          while (1) {
 111   2                      
 112   2                      //Output to pwn pin
 113   2                      on_dutycycle = On_time_duty_cycle();            
 114   2                      // Get ON time and OFF time
 115   2                      on_time = on_dutycycle;
 116   2                      off_time = 10 - on_time;
C51 COMPILER V9.60.7.0   MAIN                                                              11/27/2024 20:09:34 PAGE 3   

 117   2                      
 118   2                      // Activate the duty cycle
 119   2                      for (i = 0; i < on_time; i++){
 120   3                              P3 = 0xFF;
 121   3                              timer0_delay_100us();
 122   3                      }
 123   2                      
 124   2                      for (i = 0; i < off_time; i++){
 125   3                              P3 = 0x00;
 126   3                              timer0_delay_100us();
 127   3                      }
 128   2                      // Get respective RPM
 129   2                      /*RPM = read_fan_rpm();
 130   2                      // Display RPM
 131   2                      display_num(RPM);*/
 132   2          }
 133   1      }


MODULE INFORMATION:   STATIC OVERLAYABLE
   CODE SIZE        =    263    ----
   CONSTANT SIZE    =   ----    ----
   XDATA SIZE       =   ----    ----
   PDATA SIZE       =   ----    ----
   DATA SIZE        =     11       7
   IDATA SIZE       =   ----    ----
   BIT SIZE         =   ----    ----
END OF MODULE INFORMATION.


C51 COMPILATION COMPLETE.  0 WARNING(S),  0 ERROR(S)
