C51 COMPILER V9.60.7.0   MAIN                                                              12/05/2024 14:06:38 PAGE 1   


C51 COMPILER V9.60.7.0, COMPILATION OF MODULE MAIN
OBJECT MODULE PLACED IN .\Objects\main.obj
COMPILER INVOKED BY: C:\Keil_v5\C51\BIN\C51.EXE main.c OPTIMIZE(8,SPEED) BROWSE DEBUG OBJECTEXTEND PRINT(.\Listings\main
                    -.lst) OBJECT(.\Objects\main.obj)

line level    source

   1          #include <reg51.h>
   2          #include <stdio.h>
   3          
   4          /*
   5          The project includes:
   6          - Reading RPM setting from an 8-bit DIP switch.
   7          - Processing the corresponding PWM signal to drive the fan motor.
   8          - Using Timer 0 in Mode 2 to count tachometer edges during the PWM period.
   9          - Displaying the RPM value on a 7-segment display.
  10          - Dynamically adjusting the PWM duty cycle to match the desired RPM.
  11          */
  12          
  13          // System inputs and outputs
  14          sbit TACH_PIN = P0^4;    // Tachometer input pin
  15          sbit RA0 = P0^0;         // DIP switch bit 0
  16          sbit RA1 = P0^1;         // DIP switch bit 1
  17          sbit RA2 = P0^2;         // DIP switch bit 2
  18          sbit PWM_pin = P3^0;     // PWM output pin
  19          
  20          #include <control.h>
  21          
  22          // Global variables
  23          unsigned char digits[] = { // Array to store segment patterns for numbers 0-9
  24              0xC0, // HEX for 0
  25              0xF9, // HEX for 1
  26              0xA4, // HEX for 2
  27              0xB0, // HEX for 3
  28              0x99, // HEX for 4
  29              0x92, // HEX for 5
  30              0x82, // HEX for 6
  31              0xF8, // HEX for 7
  32              0x80, // HEX for 8
  33              0x90, // HEX for 9
  34              0xFF  // HEX for [Blank]
  35          };
  36          
  37          volatile unsigned int edge_count = 0;    // Falling edge count for tachometer
  38          volatile unsigned int global_display_num = 0; // Number to display on 7-segment
  39          unsigned int target_RPM = 0;             // Target RPM from DIP switch
  40          unsigned int current_RPM = 0;            // Measured RPM
  41          unsigned int PWM_on_time = 50;           // On time in 탎 (initially 100% duty cycle)
  42          unsigned int PWM_period = 50;            // PWM period in 탎 (20 kHz frequency)
  43          
  44          // Function prototypes
  45          unsigned int calculate_RPM();            // Calculate RPM based on edge count
  46          int On_time_duty_cycle();                // Get duty cycle setting from DIP switch
  47          void display_num(unsigned int num);      // Display number on 7-segment
  48          void setup_timers();                     // Configure and start timers
  49          
  50          // Timer 1 ISR: Handles PWM generation and 7-segment display multiplexing
  51          void timer1_ISR() interrupt 3 {
  52   1          static unsigned int PWM_counter = 0;
  53   1      
  54   1          // PWM signal generation
C51 COMPILER V9.60.7.0   MAIN                                                              12/05/2024 14:06:38 PAGE 2   

  55   1          if (PWM_counter < PWM_on_time) {
  56   2              PWM_pin = 1;  // Turn PWM pin ON
  57   2          } else {
  58   2              PWM_pin = 0;  // Turn PWM pin OFF
  59   2          }
  60   1      
  61   1          // Increment PWM counter
  62   1          PWM_counter += 1; // Timer 1 tick duration = 1 탎
  63   1          if (PWM_counter >= PWM_period) {
  64   2              PWM_counter = 0; // Reset counter at the end of the period
  65   2          }
  66   1      
  67   1          // Update 7-segment display
  68   1          display_num(global_display_num);
  69   1      }
  70          
  71          // Timer 0 ISR: Count tachometer falling edges
  72          void timer0_ISR() interrupt 1 {
  73   1          if (!TACH_PIN) {      // If falling edge detected
  74   2              edge_count++;     // Increment edge count
  75   2          }
  76   1      }
  77          
  78          // Main loop
  79          void main(void) {
  80   1          setup_timers();  // Initialize Timer 0 and Timer 1
  81   1      
  82   1          while (1) {
  83   2              // Step 1: Read target RPM from DIP switch
  84   2              target_RPM = On_time_duty_cycle() * 240; // Scale DIP switch value to RPM (max 2400 RPM)
  85   2      
  86   2              // Step 2: Calculate RPM based on edge count
  87   2              current_RPM = calculate_RPM();
  88   2              global_display_num = current_RPM; // Update number to display on 7-segment
  89   2      
  90   2              // Step 3: Adjust PWM duty cycle based on target RPM
  91   2              if (current_RPM < target_RPM - (target_RPM * 0.05)) { // If current RPM is 5% below target
  92   3                  PWM_on_time += 1;  // Increase duty cycle (step size = 1 탎)
  93   3              } else if (current_RPM > target_RPM + (target_RPM * 0.05)) { // If current RPM is 5% above target
  94   3                  if (PWM_on_time > 1) { // Ensure on-time does not go below 0
  95   4                      PWM_on_time -= 1;  // Decrease duty cycle (step size = 1 탎)
  96   4                  }
  97   3              }
  98   2      
  99   2              // Ensure PWM_on_time stays within bounds
 100   2              if (PWM_on_time > PWM_period) PWM_on_time = PWM_period; // Max is 100%
 101   2              if (PWM_on_time < 1) PWM_on_time = 1;                   // Min is ~2% duty cycle
 102   2          }
 103   1      }
 104          
 105          // Function to calculate RPM from edge count
 106          unsigned int calculate_RPM() {
 107   1          unsigned int RPM = 0;
 108   1          unsigned int edges = edge_count;    // Copy edge count to avoid ISR interference
 109   1          edge_count = 0;                     // Reset edge count for the next cycle
 110   1      
 111   1          // Calculate RPM (assuming 2 edges per revolution)
 112   1          RPM = (edges * 60000) / (PWM_period * 2); // RPM = (edges * 60 s) / (period * 2 edges/rev)
 113   1          return RPM;
 114   1      }
 115          
 116          // Function to get duty cycle setting from DIP switch
C51 COMPILER V9.60.7.0   MAIN                                                              12/05/2024 14:06:38 PAGE 3   

 117          int On_time_duty_cycle() {
 118   1          if (RA0 == 1) {
 119   2              if (RA1 == 1) {
 120   3                  if (RA2 == 1) return 10;   // 100%
 121   3                  else return 9;             // 90%
 122   3              } else {
 123   3                  if (RA2 == 1) return 8;    // 80%
 124   3                  else return 6;             // 60%
 125   3              }
 126   2          } else {
 127   2              if (RA1 == 1) {
 128   3                  if (RA2 == 1) return 4;    // 40%
 129   3                  else return 2;             // 20%
 130   3              } else {
 131   3                  if (RA2 == 1) return 1;    // 10%
 132   3                  else return 0;             // 0%
 133   3              }
 134   2          }
 135   1              return 0;
 136   1      }
*** ERROR C237 IN LINE 136 OF main.c: 'On_time_duty_cycle': function already has a body
 137          
 138          // Function to display a number on a 7-segment display
 139          void display_num(unsigned int num) {
 140   1          static unsigned char digit_index = 0;
 141   1          unsigned char digit = 0;
 142   1      
 143   1          // Extract the current digit to display
 144   1          digit = (num / (unsigned int)(1 << (4 * digit_index))) % 10;
 145   1      
 146   1          // Update 7-segment display
 147   1          P1 = digits[digit];    // Send digit pattern to P1
 148   1          P2 = 1 << digit_index; // Activate the corresponding display line
 149   1      
 150   1          // Move to the next digit
 151   1          digit_index = (digit_index + 1) % 4;  // Cycle through digits 0-3
 152   1      }
 153          
 154          // Function to configure and start timers
 155          void setup_timers() {
 156   1          // Configure Timer 0 for edge counting (Mode 2)
 157   1          TMOD |= 0x02;    // Timer 0 in Mode 2 (8-bit auto-reload)
 158   1          TH0 = 0x00;      // Initial value for counting edges
 159   1          TL0 = 0x00;
 160   1          ET0 = 1;         // Enable Timer 0 interrupt
 161   1          TR0 = 1;         // Start Timer 0
 162   1      
 163   1          // Configure Timer 1 for PWM and 7-segment multiplexing
 164   1          TMOD |= 0x01;    // Timer 1 in Mode 1 (16-bit timer)
 165   1          TH1 = 0xFF;      // Reload value for 1 탎 ticks
 166   1          TL1 = 0x00;
 167   1          ET1 = 1;         // Enable Timer 1 interrupt
 168   1          TR1 = 1;         // Start Timer 1
 169   1      
 170   1          // Enable global interrupts
 171   1          EA = 1;
 172   1      }

C51 COMPILATION COMPLETE.  0 WARNING(S),  1 ERROR(S)
