C51 COMPILER V9.60.7.0   MAIN                                                              11/28/2024 14:51:21 PAGE 1   


C51 COMPILER V9.60.7.0, COMPILATION OF MODULE MAIN
OBJECT MODULE PLACED IN .\Objects\main.obj
COMPILER INVOKED BY: C:\Keil_v5\C51\BIN\C51.EXE main.c OPTIMIZE(8,SPEED) BROWSE DEBUG OBJECTEXTEND PRINT(.\Listings\main
                    -.lst) OBJECT(.\Objects\main.obj)

line level    source

   1          #include <reg51.h>
   2          #include <stdio.h>
   3          #include <display.h>
   4          #include <control.h>
   5          #include <RPMtestread.h>
   6          #include <RPMtestreadnew.h>
   7          
   8          void main(void) {
   9   1              int on_time = 0;
  10   1              int off_time = 0;
  11   1              unsigned int iteration = 0;
  12   1              unsigned int RPM = 0;
  13   1              int ON_DUTY_CYLE = 0;
  14   1              
  15   1          while (1) {
  16   2                      // Get ON time duty cycle
  17   2                      ON_DUTY_CYLE = On_time_duty_cycle();
  18   2                      // Get respective RPM
  19   2                      //RPM = get_RPM(ON_DUTY_CYLE);
  20   2                      
  21   2                      if (on_time <= 0 && off_time <= 0){
  22   3                              on_time = ON_DUTY_CYLE;
  23   3                              off_time = 10 - on_time;
  24   3                      }
  25   2                      
  26   2                      // Activate the duty cycle
  27   2                      if (on_time > 0){
  28   3                              P3 = 1;
  29   3                              //timer0_delay_100us();
  30   3                              on_time --;
  31   3                      }
  32   2                      
  33   2                      if (off_time > 0){
  34   3                              P3 = 0;
  35   3                              //timer0_delay_100us();
  36   3                              off_time --;
  37   3                      }
  38   2                      
  39   2                      // Display RPM
  40   2                      RPM = readFanRPM();
  41   2                      display_num(RPM);
  42   2          }
  43   1      }


MODULE INFORMATION:   STATIC OVERLAYABLE
   CODE SIZE        =    670    ----
   CONSTANT SIZE    =   ----    ----
   XDATA SIZE       =   ----    ----
   PDATA SIZE       =   ----    ----
   DATA SIZE        =     15      27
   IDATA SIZE       =   ----    ----
   BIT SIZE         =   ----    ----
END OF MODULE INFORMATION.

C51 COMPILER V9.60.7.0   MAIN                                                              11/28/2024 14:51:21 PAGE 2   


C51 COMPILATION COMPLETE.  0 WARNING(S),  0 ERROR(S)
