C51 COMPILER V9.60.7.0   NUMBER_MUXER                                                      11/10/2024 11:10:07 PAGE 1   


C51 COMPILER V9.60.7.0, COMPILATION OF MODULE NUMBER_MUXER
OBJECT MODULE PLACED IN .\Objects\number_muxer.obj
COMPILER INVOKED BY: C:\Keil_v5\C51\BIN\C51.EXE number_muxer.c OPTIMIZE(8,SPEED) BROWSE DEBUG OBJECTEXTEND PRINT(.\Listi
                    -ngs\number_muxer.lst) OBJECT(.\Objects\number_muxer.obj)

line level    source

   1          #include <reg51.h>
   2          #include <stdio.h>
   3          
   4          // Array to store segment patterns for numbers 0-9
   5          unsigned char digits[] = { 
   6              0x00,  // n0: 0000 0000 in binary
   7              0x60,  // n1: 0110 0000 in binary
   8              0xDA,  // n2: 1101 1010 in binary
   9              0xF2,  // n3: 1111 0010 in binary
  10              0x66,  // n4: 0110 0110 in binary
  11              0xB6,  // n5: 1011 0110 in binary
  12              0x7A,  // n6: 0111 1010 in binary
  13              0xE0,  // n7: 1110 0000 in binary
  14              0xFF,  // n8: 1111 1111 in binary
  15              0xE7   // n9: 1110 0111 in binary
  16          };
  17          
  18          void Delay500ms(){
  19   1          // Generate a 0.5-second delay for a 10 MHz clock using Timer 0 in 16-bit mode
  20   1          unsigned char i;
  21   1          for (i = 0; i < 40; i++){   // Loop to generate approximately 0.5 seconds
  22   2              TMOD = 0x01;      // Timer0 mode 1 (16-bit timer)
  23   2              TH0 = 0x3C;       // Load high byte for 50 ms delay
  24   2              TL0 = 0xB0;       // Load low byte for 50 ms delay
  25   2              TR0 = 1;          // Start Timer0
  26   2              while (TF0 == 0); // Wait for Timer0 overflow flag
  27   2              TR0 = 0;          // Stop Timer0
  28   2              TF0 = 0;          // Clear overflow flag
  29   2          }
  30   1      }
  31          
  32          void main(void){
  33   1          unsigned char unit_count = 0;
  34   1          unsigned char ten_count = 0;
  35   1          unsigned char isCountUp = 1;  // 1 for counting up, 0 for counting down
  36   1      
  37   1          while(1){
  38   2              P1 = digits[unit_count];  // Display units on Port 1
  39   2              P2 = digits[ten_count];   // Display tens on Port 2
  40   2              
  41   2              if (isCountUp) {  // Count up logic
  42   3                  unit_count++;  // Increment the unit count
  43   3                  if (unit_count > 9) { // If units overflow
  44   4                      unit_count = 0;    // Reset units
  45   4                      ten_count++;       // Increment tens
  46   4                      if (ten_count > 9) { // If tens overflow
  47   5                          ten_count = 0;   // Reset tens
  48   5                      }
  49   4                  }
  50   3              } else {  // Count down logic
  51   3                  if (unit_count == 0) {    // If units underflow
  52   4                      unit_count = 9;       // Set units to max
  53   4                      if (ten_count == 0) { // If tens underflow
  54   5                          ten_count = 9;    // Set tens to max
C51 COMPILER V9.60.7.0   NUMBER_MUXER                                                      11/10/2024 11:10:07 PAGE 2   

  55   5                      } else {
  56   5                          ten_count--;      // Decrement tens
  57   5                      }
  58   4                  } else {
  59   4                      unit_count--;         // Decrement units
  60   4                  }
  61   3              }
  62   2      
  63   2              Delay500ms(); // Delay to see the result on display
  64   2          }
  65   1      }


MODULE INFORMATION:   STATIC OVERLAYABLE
   CODE SIZE        =     88    ----
   CONSTANT SIZE    =   ----    ----
   XDATA SIZE       =   ----    ----
   PDATA SIZE       =   ----    ----
   DATA SIZE        =     10    ----
   IDATA SIZE       =   ----    ----
   BIT SIZE         =   ----    ----
END OF MODULE INFORMATION.


C51 COMPILATION COMPLETE.  0 WARNING(S),  0 ERROR(S)
